#-----------------------------------------------------------
# Vivado v2014.3 (64-bit)
# SW Build 1018564 on Mon Sep 15 19:04:16 MDT 2014
# IP Build 1018438 on Mon Sep 15 16:10:11 MDT 2014
# Start of session at: Mon Sep 22 15:23:58 2014
# Process ID: 20432
# Log file: C:/PROJECT_FOR_RELEASE/KC705_150MHZ_32KB/project_150MHz/vivado.log
# Journal file: C:/PROJECT_FOR_RELEASE/KC705_150MHZ_32KB/project_150MHz\vivado.jou
#-----------------------------------------------------------
start_gui
open_project C:/PROJECT_FOR_RELEASE/KC705_150MHZ_32KB/project_150MHz/project_2.xpr
report_ip_status -name ip_status 
upgrade_ip [get_ips  {mb_subsystem_axi_ethernet_0_0 mb_subsystem_microblaze_0_axi_intc_0 mb_subsystem_blk_mem_gen_0_1 mb_subsystem_axi_mem_intercon_1 mb_subsystem_proc_sys_reset_1_0 mb_subsystem_axi_timer_0_0 mb_subsystem_mig_7series_0_0 mb_subsystem_ilmb_bram_if_cntlr_1 mb_subsystem_mdm_1_0 mb_subsystem_lmb_bram_0 mb_subsystem_axi_bram_ctrl_0_0 mb_subsystem_axi_uartlite_0_0 mb_subsystem_clk_wiz_0_0 mb_subsystem_axi_ethernet_0_dma_0 mb_subsystem_microblaze_0_0 mb_subsystem_microblaze_0_axi_periph_0 mb_subsystem_dlmb_bram_if_cntlr_0}]
startgroup
endgroup
startgroup
endgroup
startgroup
endgroup
assign_bd_address
set_property offset 0x44A00000 [get_bd_addr_segs {microblaze_0/Data/SEG_axi_ethernet_0_Reg}]
save_bd_design
validate_bd_design
save_bd_design
reset_run synth_1
reset_run synth_1
launch_runs impl_1 -to_step write_bitstream
wait_on_run impl_1
open_run impl_1
file mkdir C:/PROJECT_FOR_RELEASE/KC705_150MHZ_32KB/project_150MHz/project_2.sdk
file copy -force C:/PROJECT_FOR_RELEASE/KC705_150MHZ_32KB/project_150MHz/project_2.runs/impl_1/mb_subsystem_wrapper.sysdef C:/PROJECT_FOR_RELEASE/KC705_150MHZ_32KB/project_150MHz/project_2.sdk/mb_subsystem_wrapper.hdf

write_xdc -force C:/PROJECT_FOR_RELEASE/KC705_150MHZ_32KB/project_150MHz/constrs_1.xdc
launch_sdk -workspace C:/PROJECT_FOR_RELEASE/KC705_150MHZ_32KB/project_150MHz/project_2.sdk -hwspec C:/PROJECT_FOR_RELEASE/KC705_150MHZ_32KB/project_150MHz/project_2.sdk/mb_subsystem_wrapper.hdf
open_bd_design {C:/PROJECT_FOR_RELEASE/KC705_150MHZ_32KB/project_150MHz/project_2.srcs/sources_1/bd/mb_subsystem/mb_subsystem.bd}
